C:\Users\Hp\AppData\Local\Programs\Python\Python313\Lib\site-packages\pypdf\_crypt_providers\_cryptography.py:32: CryptographyDeprecationWarning: ARC4 has been moved to cryptography.hazmat.decrepit.ciphers.algorithms.ARC4 and will be removed from cryptography.hazmat.primitives.ciphers.algorithms in 48.0.0.
  from cryptography.hazmat.primitives.ciphers.algorithms import AES, ARC4
2026-06-08 13:00:09,446 [INFO] __main__: Initializing SQLite tables...
2026-06-08 13:00:09,458 [INFO] __main__: Database tables initialized.
INFO:     Will watch for changes in these directories: ['C:\\Users\\Hp\\Desktop\\TextileBot']
INFO:     Uvicorn running on http://0.0.0.0:8000 (Press CTRL+C to quit)
INFO:     Started reloader process [11808] using StatReload
C:\Users\Hp\AppData\Local\Programs\Python\Python313\Lib\site-packages\pypdf\_crypt_providers\_cryptography.py:32: CryptographyDeprecationWarning: ARC4 has been moved to cryptography.hazmat.decrepit.ciphers.algorithms.ARC4 and will be removed from cryptography.hazmat.primitives.ciphers.algorithms in 48.0.0.
  from cryptography.hazmat.primitives.ciphers.algorithms import AES, ARC4
2026-06-08 13:00:48,216 [INFO] __mp_main__: Initializing SQLite tables...
2026-06-08 13:00:48,271 [INFO] __mp_main__: Database tables initialized.
2026-06-08 13:00:49,023 [INFO] backend.app.main: Initializing SQLite tables...
2026-06-08 13:00:49,026 [INFO] backend.app.main: Database tables initialized.
INFO:     Started server process [6808]
INFO:     Waiting for application startup.
INFO:     Application startup complete.
WARNING:  StatReload detected changes in 'backend\app\api\chat.py'. Reloading...
INFO:     Shutting down
INFO:     Waiting for application shutdown.
INFO:     Application shutdown complete.
INFO:     Finished server process [6808]
C:\Users\Hp\AppData\Local\Programs\Python\Python313\Lib\site-packages\pypdf\_crypt_providers\_cryptography.py:32: CryptographyDeprecationWarning: ARC4 has been moved to cryptography.hazmat.decrepit.ciphers.algorithms.ARC4 and will be removed from cryptography.hazmat.primitives.ciphers.algorithms in 48.0.0.
  from cryptography.hazmat.primitives.ciphers.algorithms import AES, ARC4
2026-06-08 13:17:28,807 [INFO] __mp_main__: Initializing SQLite tables...
2026-06-08 13:17:28,812 [INFO] __mp_main__: Database tables initialized.
2026-06-08 13:17:28,977 [INFO] backend.app.main: Initializing SQLite tables...
2026-06-08 13:17:28,979 [INFO] backend.app.main: Database tables initialized.
INFO:     Started server process [3292]
INFO:     Waiting for application startup.
INFO:     Application startup complete.
2026-06-08 13:17:41,036 [ERROR] backend.app.api.chat: Vector search failed for user_id=1
Traceback (most recent call last):
  File "C:\Users\Hp\Desktop\TextileBot\backend\app\api\chat.py", line 97, in send_message
    contexts = QdrantVectorStore.search_similar(
        owner_id=current_user.id,
        query=msg_in.content,
        limit=4
    )
  File "C:\Users\Hp\Desktop\TextileBot\backend\app\services\vector_store.py", line 100, in search_similar
    search_result = client.search(
                    ^^^^^^^^^^^^^
AttributeError: 'QdrantClient' object has no attribute 'search'
WARNING:  StatReload detected changes in 'backend\app\services\vector_store.py'. Reloading...
2026-06-08 13:19:56,299 [ERROR] backend.app.api.chat: Vector search failed for user_id=1
Traceback (most recent call last):
  File "C:\Users\Hp\Desktop\TextileBot\backend\app\api\chat.py", line 97, in send_message
    contexts = QdrantVectorStore.search_similar(
        owner_id=current_user.id,
        query=msg_in.content,
        limit=4
    )
  File "C:\Users\Hp\Desktop\TextileBot\backend\app\services\vector_store.py", line 100, in search_similar
    query_filter = qmodels.Filter(
                    ^^^^^^^^^^^^^
AttributeError: 'QdrantClient' object has no attribute 'search'
INFO:     Shutting down
INFO:     Waiting for application shutdown.
INFO:     Application shutdown complete.
INFO:     Finished server process [3292]
C:\Users\Hp\AppData\Local\Programs\Python\Python313\Lib\site-packages\pypdf\_crypt_providers\_cryptography.py:32: CryptographyDeprecationWarning: ARC4 has been moved to cryptography.hazmat.decrepit.ciphers.algorithms.ARC4 and will be removed from cryptography.hazmat.primitives.ciphers.algorithms in 48.0.0.
  from cryptography.hazmat.primitives.ciphers.algorithms import AES, ARC4
2026-06-08 13:22:29,021 [INFO] __mp_main__: Initializing SQLite tables...
2026-06-08 13:22:29,038 [INFO] __mp_main__: Database tables initialized.
2026-06-08 13:22:29,290 [INFO] backend.app.main: Initializing SQLite tables...
2026-06-08 13:22:29,292 [INFO] backend.app.main: Database tables initialized.
INFO:     Started server process [980]
INFO:     Waiting for application startup.
INFO:     Application startup complete.
WARNING:  StatReload detected changes in 'backend\app\api\compliance.py'. Reloading...
INFO:     Shutting down
INFO:     Waiting for application shutdown.
INFO:     Application shutdown complete.
INFO:     Finished server process [980]
C:\Users\Hp\AppData\Local\Programs\Python\Python313\Lib\site-packages\pypdf\_crypt_providers\_cryptography.py:32: CryptographyDeprecationWarning: ARC4 has been moved to cryptography.hazmat.decrepit.ciphers.algorithms.ARC4 and will be removed from cryptography.hazmat.primitives.ciphers.algorithms in 48.0.0.
  from cryptography.hazmat.primitives.ciphers.algorithms import AES, ARC4
2026-06-08 13:32:30,924 [INFO] __mp_main__: Initializing SQLite tables...
2026-06-08 13:32:30,931 [INFO] __mp_main__: Database tables initialized.
2026-06-08 13:32:31,158 [INFO] backend.app.main: Initializing SQLite tables...
2026-06-08 13:32:31,161 [INFO] backend.app.main: Database tables initialized.
INFO:     Started server process [720]
INFO:     Waiting for application startup.
INFO:     Application startup complete.
WARNING:  StatReload detected changes in 'backend\app\api\compliance.py'. Reloading...
INFO:     Shutting down
INFO:     Waiting for application shutdown.
INFO:     Application shutdown complete.
INFO:     Finished server process [720]
C:\Users\Hp\AppData\Local\Programs\Python\Python313\Lib\site-packages\pypdf\_crypt_providers\_cryptography.py:32: CryptographyDeprecationWarning: ARC4 has been moved to cryptography.hazmat.decrepit.ciphers.algorithms.ARC4 and will be removed from cryptography.hazmat.primitives.ciphers.algorithms in 48.0.0.
  from cryptography.hazmat.primitives.ciphers.algorithms import AES, ARC4
2026-06-08 13:35:30,270 [INFO] __mp_main__: Initializing SQLite tables...
2026-06-08 13:35:30,274 [INFO] __mp_main__: Database tables initialized.
2026-06-08 13:35:30,517 [INFO] backend.app.main: Initializing SQLite tables...
2026-06-08 13:35:30,520 [INFO] backend.app.main: Database tables initialized.
INFO:     Started server process [1444]
INFO:     Waiting for application startup.
INFO:     Application startup complete.
WARNING:  StatReload detected changes in 'backend\app\api\auth.py'. Reloading...
INFO:     Shutting down
INFO:     Waiting for connections to close. (CTRL+C to force quit)
INFO:     Waiting for application shutdown.
INFO:     Application shutdown complete.
INFO:     Finished server process [1444]
C:\Users\Hp\AppData\Local\Programs\Python\Python313\Lib\site-packages\pypdf\_crypt_providers\_cryptography.py:32: CryptographyDeprecationWarning: ARC4 has been moved to cryptography.hazmat.decrepit.ciphers.algorithms.ARC4 and will be removed from cryptography.hazmat.primitives.ciphers.algorithms in 48.0.0.
  from cryptography.hazmat.primitives.ciphers.algorithms import AES, ARC4
2026-06-08 13:36:22,501 [INFO] __mp_main__: Initializing SQLite tables...
2026-06-08 13:36:22,508 [INFO] __mp_main__: Database tables initialized.
2026-06-08 13:36:22,734 [INFO] backend.app.main: Initializing SQLite tables...
2026-06-08 13:36:22,737 [INFO] backend.app.main: Database tables initialized.
INFO:     Started server process [9144]
INFO:     Waiting for application startup.
INFO:     Application startup complete.
2026-06-08 13:36:36,069 [WARNING] passlib.handlers.bcrypt: (trapped) error reading bcrypt version
Traceback (most recent call last):
  File "C:\Users\Hp\AppData\Local\Programs\Python\Python313\Lib\site-packages\passlib\handlers\bcrypt.py", line 620, in _load_backend_mixin
    version = _bcrypt.__about__.__version__
              ^^^^^^^^^^^^^^^^^
AttributeError: module 'bcrypt' has no attribute '__about__'
